bun : $ next build && 
cp -r .next/static .nex
t/standalone/.next/ && 
cp -r public 
.next/standalone/
At line:1 char:1
+ bun run build > 
build_output.log 2>&1
+ ~~~~~~~~~~~~~~~~~~~~~
~~~~~~~~~~~~~~~~
    + CategoryInfo     
         : NotSpecifi  
  ed: ($ next build    
 &&...ext/standalon    
e/:String) [], Rem    
oteException
    + FullyQualifiedEr 
   rorId : NativeComm  
  andError
 
ΓÜá Warning: Next.js 
inferred your 
workspace root, but it 
may not be correct.
 We detected multiple 
lockfiles and selected 
the directory of C:\Cod
e\package-lock.json as 
the root directory.
 To silence this 
warning, set 
`turbopack.root` in 
your Next.js config, 
or consider removing 
one of the lockfiles 
if it's not needed.
   See https://nextjs.o
rg/docs/app/api-referen
ce/config/next-config-j
s/turbopack#root-direct
ory for more 
information.
 Detected additional 
lockfiles: 
   * C:\Code\jobboard\b
un.lock

Γû▓ Next.js 16.1.3 (Turbopack)
- Environments: .env

  Creating an optimized production build ...
Γ£ô Compiled successfully in 10.3s
  Skipping validation of types
  Collecting page data using 7 workers ...
  Generating static pages using 7 workers (0/16) ...
  Generating static pages using 7 workers (4/16) 
  Generating static pages using 7 workers (8/16) 
  Generating static pages using 7 workers (12/16) 
Γ£ô Generating static pages using 7 workers (16/16) in 496.2ms
  Finalizing page optimization ...

Route (app)
Γöî Γùï /
Γö£ Γùï /_not-found
Γö£ ╞Æ /api
Γö£ ╞Æ /api/admin/companies
Γö£ ╞Æ /api/admin/stats
Γö£ ╞Æ /api/admin/users
Γö£ ╞Æ /api/applications
Γö£ ╞Æ /api/applications/[id]
Γö£ ╞Æ /api/auth/[...nextauth]
Γö£ ╞Æ /api/auth/register
Γö£ ╞Æ /api/companies
Γö£ ╞Æ /api/companies/[id]
Γö£ ╞Æ /api/jobs
Γö£ ╞Æ /api/jobs/[id]
Γö£ ╞Æ /api/notifications
Γö£ ╞Æ /api/upload/logo
Γö£ ╞Æ /api/upload/resume
Γö£ ╞Æ /api/users
Γö£ ╞Æ /api/users/[id]
Γöö Γùï /auth/callback


Γùï  (Static)   prerendered as static content
╞Æ  (Dynamic)  server-rendered on demand

cp: illegal option -- r
error: script "build" 
exited with code 1
